game: no winner (stalled), Corp 5-2 Runner, 16 turns, 505 log lines, logHash 354c259e57e7, errors: stalled: no main-loop step for 10 s after: Null command
Each player has taken five credits and drawn five cards
Your hand is 
Corp took a mulligan
Shuffled 5 cards into R&D
Corp drew 5 cards
Runner chose to keep
Corp drew a card
Corp spent one click
Corp installed ice protecting R&D
Corp spent one click
Corp spent 5 credits
Played "Hedge Fund"
Corp gained 9 credits
Corp spent one click
Corp installed ice protecting HQ
Runner spent one click
Runner spent 2 credits
Played "Kompromat"
Run initiated attacking R&D
Approaching outermost piece of ice protecting R&D
Corp spent 4 credits
Corp rezzed Sleipnir protecting R&D at position 0
Encountering Sleipnir protecting R&D at position 0
Firing "You may draw 1 card." on Sleipnir protecting R&D at position 0:
Corp drew a card
Firing "You may shuffle 1 card from HQ or Archives into R&D." on Sleipnir protecting R&D at position 0:
Firing "End the run." on Sleipnir protecting R&D at position 0:
Kompromat removed from the game
Run ends
Runner spent one click
Runner drew a card
Runner spent one click
Runner gained one credit
Runner spent one click
Runner gained one credit
Corp drew a card
Corp spent one click
Corp spent 5 credits
Played "Hedge Fund"
Corp gained 9 credits
Corp spent one click
Corp drew a card
Corp spent one click
Corp gained one credit
Runner spent one click
Runner drew a card
Runner spent one click
Runner spent 5 credits
Played "Sure Gamble"
Runner gained 9 credits
Runner spent one click
Runner spent 2 credits
Runner installed Side Hustle
1 credit placed on Side Hustle
Runner spent one click
Runner drew a card
Corp drew a card
Corp spent one click
Corp spent 5 credits
Played "Hedge Fund"
Corp gained 9 credits
Corp spent one click
Corp drew a card
Corp created a new remote server
Corp spent one click
Corp installed a card in root of a remote server
Runner spent one click
Runner spent 3 credits
Runner installed Pennyshaver
Runner spent one click
Run initiated attacking HQ
1 credit placed on Side Hustle
Approaching outermost piece of ice protecting HQ
Corp spent 6 credits
Corp rezzed Ansel 1.0 protecting HQ at position 0
Encountering Ansel 1.0 protecting HQ at position 0
Using Ansel 1.0 protecting HQ at position 0:
Runner spent one click
Subroutine "Trash 1 installed Runner card." broken
Using Ansel 1.0 protecting HQ at position 0:
Runner spent one click
Subroutine "The Runner cannot steal or trash Corp cards for the remainder of this run." broken
Firing "You may install 1 card from HQ or Archives." on Ansel 1.0 protecting HQ at position 0:
Approaching HQ
Run successful
1 credit placed on Pennyshaver
Nanomanagement accessed
Run ends
Corp spent 2 credits
Corp rezzed Nico Campaign
9 credits loaded onto Nico Campaign
3 credits taken from Nico Campaign
Corp drew a card
Corp spent one click
Corp drew a card
Corp spent one click
Corp drew a card
Corp spent one click
Corp gained one credit
Corp discarded "hidden card"
Corp discarded "hidden card"
Runner spent one click
Played "Jailbreak"
Run initiated attacking HQ
1 credit placed on Side Hustle
Approaching outermost piece of ice protecting HQ
Encountering Ansel 1.0 protecting HQ at position 0
Using Ansel 1.0 protecting HQ at position 0:
Runner spent one click
Subroutine "Trash 1 installed Runner card." broken
Using Ansel 1.0 protecting HQ at position 0:
Runner spent one click
Subroutine "You may install 1 card from HQ or Archives." broken
Using Ansel 1.0 protecting HQ at position 0:
Runner spent one click
Subroutine "The Runner cannot steal or trash Corp cards for the remainder of this run." broken
Approaching HQ
Run successful
1 credit placed on Pennyshaver
Runner drew a card
Project Ingatan accessed
Project Ingatan stolen
Humanoid Resources accessed
Runner spent one credit
Humanoid Resources trashed
Run ends
3 credits taken from Nico Campaign
Corp drew a card
Corp spent one click
Corp spent one credit
Corp installed ice protecting HQ
Corp spent one click
Corp drew a card
Corp spent one click
Corp installed ice protecting a remote server
Runner spent one click
Run initiated attacking HQ
1 credit placed on Side Hustle
Approaching outermost piece of ice protecting HQ
Corp spent 6 credits
Corp rezzed Ansel 1.0 protecting HQ at position 1
Encountering Ansel 1.0 protecting HQ at position 1
Using Ansel 1.0 protecting HQ at position 1:
Runner spent one click
Subroutine "Trash 1 installed Runner card." broken
Using Ansel 1.0 protecting HQ at position 1:
Runner spent one click
Subroutine "The Runner cannot steal or trash Corp cards for the remainder of this run." broken
Firing "You may install 1 card from HQ or Archives." on Ansel 1.0 protecting HQ at position 1:
Approaching next piece of ice protecting HQ
Encountering Ansel 1.0 protecting HQ at position 0
Using Ansel 1.0 protecting HQ at position 0:
Runner spent one click
Subroutine "The Runner cannot steal or trash Corp cards for the remainder of this run." broken
Firing "Trash 1 installed Runner card." on Ansel 1.0 protecting HQ at position 0:
Side Hustle trashed
Firing "You may install 1 card from HQ or Archives." on Ansel 1.0 protecting HQ at position 0:
Approaching HQ
Run successful
1 credit placed on Pennyshaver
Otto Campaign accessed
Runner spent 2 credits
Otto Campaign trashed
Run ends
3 credits taken from Nico Campaign
Nico Campaign trashed
Corp drew a card
Corp drew a card
Corp spent one click
Corp drew a card
Corp spent one click
Corp spent one credit
Corp installed ice protecting a remote server
Corp spent one click
Corp spent 5 credits
Played "Hedge Fund"
Corp gained 9 credits
Runner spent one click
Run initiated attacking HQ
Approaching outermost piece of ice protecting HQ
Encountering Ansel 1.0 protecting HQ at position 1
Using Ansel 1.0 protecting HQ at position 1:
Runner spent one click
Subroutine "Trash 1 installed Runner card." broken
Using Ansel 1.0 protecting HQ at position 1:
Runner spent one click
Subroutine "The Runner cannot steal or trash Corp cards for the remainder of this run." broken
Firing "You may install 1 card from HQ or Archives." on Ansel 1.0 protecting HQ at position 1:
Corp chose to install 1 card from Archives
Corp created a new remote server
Corp installed a card in root of a remote server
Approaching next piece of ice protecting HQ
Encountering Ansel 1.0 protecting HQ at position 0
Using Ansel 1.0 protecting HQ at position 0:
Runner spent one click
Subroutine "The Runner cannot steal or trash Corp cards for the remainder of this run." broken
Firing "Trash 1 installed Runner card." on Ansel 1.0 protecting HQ at position 0:
Pennyshaver trashed
Firing "You may install 1 card from HQ or Archives." on Ansel 1.0 protecting HQ at position 0:
Corp chose to install 1 card from Archives
Corp created a new remote server
Corp installed a card in root of a remote server
Approaching HQ
Run successful
Petty Cash accessed
Run ends
Corp drew a card
Corp spent one click
Corp drew a card
Corp spent one click
Corp drew a card
Corp spent one click
Corp installed ice protecting a remote server
Runner spent one click
Runner gained one credit
Runner spent one click
Runner gained one credit
Runner spent one click
Runner spent 3 credits
Runner installed Pennyshaver
Runner spent one click
Runner drew a card
Corp drew a card
Corp spent one click
Corp drew a card
Corp spent one click
Corp installed a card in root of a remote server
Corp spent one click
Corp spent one credit
Card advanced
Corp discarded "hidden card"
Using Pennyshaver:
Runner spent one click
1 credit placed on Pennyshaver
1 credit taken from Pennyshaver
Using Pennyshaver:
Runner spent one click
1 credit placed on Pennyshaver
1 credit taken from Pennyshaver
Using Pennyshaver:
Runner spent one click
1 credit placed on Pennyshaver
1 credit taken from Pennyshaver
Runner spent one click
Run initiated attacking Archives
Approaching Archives
Run successful
1 credit placed on Pennyshaver
Humanoid Resources accessed
Hedge Fund accessed
Nico Campaign accessed
Anoetic Void accessed
Myōshu accessed
Hedge Fund accessed
Hedge Fund accessed
Run ends
Corp drew a card
Corp created a new remote server
Corp spent one click
Corp installed a card in root of a remote server
Corp spent one click
Corp gained one credit
Corp spent one click
Corp spent one credit
Card advanced
Using Pennyshaver:
Runner spent one click
1 credit placed on Pennyshaver
2 credits taken from Pennyshaver
Using Pennyshaver:
Runner spent one click
1 credit placed on Pennyshaver
1 credit taken from Pennyshaver
Using Pennyshaver:
Runner spent one click
1 credit placed on Pennyshaver
1 credit taken from Pennyshaver
Using Pennyshaver:
Runner spent one click
1 credit placed on Pennyshaver
1 credit taken from Pennyshaver
Corp spent 2 credits
Corp rezzed Nico Campaign
9 credits loaded onto Nico Campaign
3 credits taken from Nico Campaign
Corp drew a card
Corp spent one click
Corp spent one credit
Card advanced
Corp spent one click
Corp spent one credit
Card advanced
Corp spent one click
Corp spent one credit
Card advanced
Méliès City Luxury Line scored
Corp gained one click
"You may add 1 card from Archives to HQ" triggered
Hedge Fund added to HQ from Archives
Corp spent one click
Corp spent 5 credits
Played "Hedge Fund"
Corp gained 9 credits
Corp discarded "hidden card"
Using Pennyshaver:
Runner spent one click
1 credit placed on Pennyshaver
1 credit taken from Pennyshaver
Using Pennyshaver:
Runner spent one click
1 credit placed on Pennyshaver
1 credit taken from Pennyshaver
Using Pennyshaver:
Runner spent one click
1 credit placed on Pennyshaver
1 credit taken from Pennyshaver
Runner spent one click
Run initiated attacking Remote 3
Approaching Remote 3
Run successful
1 credit placed on Pennyshaver
Nico Campaign accessed
Runner spent 2 credits
Nico Campaign trashed
Run ends
Corp drew a card
Corp spent one click
Corp installed ice protecting a remote server
hidden card trashed
Corp spent one click
Corp installed a card in root of a remote server
Corp spent one click
Corp spent one credit
Card advanced
Using Pennyshaver:
Runner spent one click
1 credit placed on Pennyshaver
2 credits taken from Pennyshaver
Using Pennyshaver:
Runner spent one click
1 credit placed on Pennyshaver
1 credit taken from Pennyshaver
Using Pennyshaver:
Runner spent one click
1 credit placed on Pennyshaver
1 credit taken from Pennyshaver
Runner spent one click
Runner drew a card
Corp drew a card
Corp spent one click
Corp spent one credit
Card advanced
Corp spent one click
Corp spent one credit
Card advanced
Luminal Transubstantiation scored
"Gain [click][click][click]" triggered
Corp gained 3 clicks
Corp cannot score agendas for the remainder of this turn.
"You may add 1 card from Archives to HQ" triggered
Hedge Fund added to HQ from Archives
Corp spent one click
Corp installed a card in root of a remote server
Corp spent one click
Corp spent 5 credits
Played "Hedge Fund"
Corp gained 9 credits
Corp spent one click
Corp drew a card
Corp spent one click
Corp gained one credit
Runner spent one click
Runner spent 2 credits
Runner installed Side Hustle
1 credit placed on Side Hustle
Runner spent one click
Runner drew a card
Using Pennyshaver:
Runner spent one click
1 credit placed on Pennyshaver
1 credit taken from Pennyshaver
Using Pennyshaver:
Runner spent one click
1 credit placed on Pennyshaver
1 credit taken from Pennyshaver
Corp drew a card
Corp spent one click
Corp spent 2 credits
Corp installed ice protecting HQ
Corp spent one click
Corp drew a card
Corp spent one click
Corp installed a card in root of a remote server
"Look at top of stack; reveal if icebreaker or run event" triggered
MuslihaT: Top card left on stack
Runner spent one click
Runner drew a card
Runner spent one click
Runner spent one credit
Runner installed Maglectric Rapid (748 Mod)
Using Pennyshaver:
Runner spent one click
1 credit placed on Pennyshaver
1 credit taken from Pennyshaver
Runner spent one click
Runner drew a card
Runner discarded "Leech"
Corp drew a card
Corp spent one click
Corp gained one credit
Corp spent one click
Corp spent one credit
Card advanced
Corp spent one click
Corp gained one credit
Corp discarded "hidden card"
"Look at top of stack; reveal if icebreaker or run event" triggered
MuslihaT: Top card left on stack
Runner spent one click
Run initiated attacking Remote 0
1 credit placed on Side Hustle
Approaching outermost piece of ice protecting Remote 0
Corp spent 6 credits
Corp rezzed Brân 1.0 protecting Remote 0 at position 1
Encountering Brân 1.0 protecting Remote 0 at position 1
Using Brân 1.0 protecting Remote 0 at position 1:
Runner spent one click
Subroutine "You may install 1 piece of ice from HQ or Archives directly inward from this ice, ignoring all costs." broken
Using Brân 1.0 protecting Remote 0 at position 1:
Runner spent one click
Subroutine "End the run." broken
Using Brân 1.0 protecting Remote 0 at position 1:
Runner spent one click
Subroutine "End the run." broken
Approaching next piece of ice protecting Remote 0
Corp spent 3 credits
Corp rezzed Bumi 1.0 protecting Remote 0 at position 0
Encountering Bumi 1.0 protecting Remote 0 at position 0
Firing "Trash 1 installed program." on Bumi 1.0 protecting Remote 0 at position 0:
No programs to trash
Firing "Do 1 core damage." on Bumi 1.0 protecting Remote 0 at position 0:
Runner takes 1 core damage
Clean Getaway trashed
Corp spent one credit
Corp rezzed Humanoid Resources
Corp spent one credit
Corp rezzed Humanoid Resources
Approaching Remote 0
Run successful
1 credit placed on Pennyshaver
Idiosyncresis accessed
Runner spent 2 credits
Idiosyncresis trashed
Run ends
Corp drew a card
Humanoid Resources trashed
Corp spent one click
Corp installed a card in root of a remote server
Corp spent one click
Corp installed a card in root of a remote server
Corp spent one click
Corp gained one credit
"Look at top of stack; reveal if icebreaker or run event" triggered
MuslihaT: Top card left on stack
Runner spent one click
Runner installed Marjanah
Runner spent one click
Runner spent one credit
Runner installed Leech
Runner spent one click
Run initiated attacking Archives
1 credit placed on Side Hustle
Approaching Archives
Run successful
1 virus counter placed on Leech
1 credit placed on Pennyshaver
Idiosyncresis accessed
Humanoid Resources accessed
Manegarm Skunkworks accessed
Hedge Fund accessed
Otto Campaign accessed
Nico Campaign accessed
Petty Cash accessed
Hedge Fund accessed
Humanoid Resources accessed
Hedge Fund accessed
Nico Campaign accessed
Anoetic Void accessed
Myōshu accessed
Run ends
Runner spent one click
Runner drew a card
Corp spent 2 credits
Corp rezzed Nico Campaign
9 credits loaded onto Nico Campaign
3 credits taken from Nico Campaign
Corp drew a card
Using Humanoid Resources:
Corp spent 3 clicks
Corp gained 4 credits
Humanoid Resources gains Corp 4[c]
Humanoid Resources trashed
Corp drew 3 cards
Corp created a new remote server
Corp spent 3 credits
